<?xml version="1.0" encoding="utf-8"?><testsuites name="pytest tests"><testsuite name="pytest" errors="0" failures="0" skipped="0" tests="2" time="0.016" timestamp="2025-09-29T13:40:20.042662+05:30" hostname="LAPTOP-GJOL4AKS"><testcase classname="tests.test_calculator" name="test_add" time="0.000" /><testcase classname="tests.test_calculator" name="test_divide_by_zero" time="0.001" /></testsuite></testsuites>